# Blocking gates (crates/harness-core/src/fleet.rs BLOCKING_GATES) that do not
# yet declare a harness_core::gate::Protection statement. A ratchet read by
# scripts/check-gate-protection.py: entries may be removed (once the gate
# declares), never added relative to HEAD. Backlog 3a8e3b73.
specguard
